
Memory Configuration

Name             Origin             Length             Attributes
flash            0x08000000         0x00020000         xr
sram             0x20000000         0x00005000         xrw
*default*        0x00000000         0xffffffff

Linker script and memory map


.text           0x08000000      0x18f
 *(.vectors)
 .vectors       0x08000000       0x1c startup.o
                0x08000000                vectors
 *(.text)
 .text          0x0800001c       0x90 startup.o
                0x0800001c                MM_Fault_Handler
                0x0800001c                Bus_Fault
                0x0800001c                Default_Handler
                0x0800001c                H_fault_Handler
                0x0800001c                Usage_Fault_Handler
                0x0800001c                NMI_Handler
                0x08000028                Rest_Handler
 .text          0x080000ac       0xe0 main.o
                0x080000ac                _sbrk
                0x08000104                main
 *(.rodata)
 .rodata        0x0800018c        0x3 main.o
                0x0800018c                const_variables
                0x0800018f                _E_text = .

.glue_7         0x08000190        0x0
 .glue_7        0x08000190        0x0 linker stubs

.glue_7t        0x08000190        0x0
 .glue_7t       0x08000190        0x0 linker stubs

.vfp11_veneer   0x08000190        0x0
 .vfp11_veneer  0x08000190        0x0 linker stubs

.v4_bx          0x08000190        0x0
 .v4_bx         0x08000190        0x0 linker stubs

.iplt           0x08000190        0x0
 .iplt          0x08000190        0x0 startup.o

.rel.dyn        0x08000190        0x0
 .rel.iplt      0x08000190        0x0 startup.o

.data           0x20000000        0x8 load address 0x0800018f
                0x20000000                _S_data = .
 *(.data)
 .data          0x20000000        0x0 startup.o
 .data          0x20000000        0x7 main.o
                0x20000000                R_ODR
                0x20000004                q_variables
                0x20000008                . = ALIGN (0x4)
 *fill*         0x20000007        0x1 
                0x20000008                _E_data = .

.igot.plt       0x20000008        0x0 load address 0x08000197
 .igot.plt      0x20000008        0x0 startup.o

.bss            0x20000008     0x2008 load address 0x08000197
                0x20000008                _S_bss = .
 *(.bss)
 .bss           0x20000008        0x0 startup.o
 .bss           0x20000008        0x8 main.o
                0x20000008                bss_variables
                0x20000010                _E_bss = .
                0x20000010                . = ALIGN (0x4)
                0x20001010                . = (. + 0x1000)
 *fill*         0x20000010     0x1000 
                0x20001010                _E_heap = .
                0x20001010                . = ALIGN (0x4)
                0x20002010                . = (. + 0x1000)
 *fill*         0x20001010     0x1000 
                0x20002010                _stack_top = .
LOAD startup.o
LOAD main.o
OUTPUT(learn-in-depth-cotrtex-m3.elf elf32-littlearm)
LOAD linker stubs

.comment        0x00000000       0x49
 .comment       0x00000000       0x49 startup.o
                                 0x4a (size before relaxing)
 .comment       0x00000049       0x4a main.o

.ARM.attributes
                0x00000000       0x2d
 .ARM.attributes
                0x00000000       0x2d startup.o
 .ARM.attributes
                0x0000002d       0x2d main.o
