
Memory Configuration

Name             Origin             Length             Attributes
flash            0x08000000         0x00020000         xr
sram             0x20000000         0x00005000         xrw
*default*        0x00000000         0xffffffff

Linker script and memory map


.text           0x08000000      0x144
 *(.vectors)
 .vectors       0x08000000       0x4c startup.o
 *(.text)
 .text          0x0800004c       0xf0 main.o
                0x0800004c                Delay
                0x0800006e                getPressureVal
                0x08000084                Set_Alarm_actuator
                0x080000c0                GPIO_INITIALIZATION
                0x08000110                main
 .text          0x0800013c        0x8 startup.o
 *(.rodata)
                0x08000144                _E_text = .

.glue_7         0x08000144        0x0
 .glue_7        0x08000144        0x0 linker stubs

.glue_7t        0x08000144        0x0
 .glue_7t       0x08000144        0x0 linker stubs

.vfp11_veneer   0x08000144        0x0
 .vfp11_veneer  0x08000144        0x0 linker stubs

.v4_bx          0x08000144        0x0
 .v4_bx         0x08000144        0x0 linker stubs

.iplt           0x08000144        0x0
 .iplt          0x08000144        0x0 main.o

.rel.dyn        0x08000144        0x0
 .rel.iplt      0x08000144        0x0 main.o

.data           0x20000000        0x0 load address 0x08000144
                0x20000000                _S_data = .
 *(.data)
 .data          0x20000000        0x0 main.o
 .data          0x20000000        0x0 startup.o
                0x20000000                . = ALIGN (0x4)
                0x20000000                _E_data = .

.igot.plt       0x20000000        0x0 load address 0x08000144
 .igot.plt      0x20000000        0x0 main.o

.bss            0x20000000     0x1000 load address 0x08000144
                0x20000000                _S_bss = .
 *(.bss)
 .bss           0x20000000        0x0 main.o
 .bss           0x20000000        0x0 startup.o
                0x20000000                _E_bss = .
                0x20000000                . = ALIGN (0x4)
                0x20001000                . = (. + 0x1000)
 *fill*         0x20000000     0x1000 
                0x20001000                _stack_top = .
LOAD main.o
LOAD startup.o
OUTPUT(PressureMonitoringSystem.elf elf32-littlearm)
LOAD linker stubs

.comment        0x00000000       0x49
 .comment       0x00000000       0x49 main.o
                                 0x4a (size before relaxing)

.ARM.attributes
                0x00000000       0x2b
 .ARM.attributes
                0x00000000       0x2d main.o
 .ARM.attributes
                0x0000002d       0x21 startup.o
